[
  "program",
  [
    [
      "fun",
      "esNat",
      [
        "sig",
        [
          "_"
        ],
        "_"
      ],
      [
        "pre",
        [
          "true"
        ]
      ],
      [
        "post",
        [
          "true"
        ]
      ],
      [
        [
          "rule",
          [
            [
              "pcons",
              "Zero",
              []
            ]
          ],
          [
            "cons",
            "True",
            []
          ]
        ],
        [
          "rule",
          [
            [
              "pcons",
              "Suc",
              [
                [
                  "pvar",
                  "n"
                ]
              ]
            ]
          ],
          [
            "app",
            "esNat",
            [
              [
                "var",
                "n"
              ]
            ]
          ]
        ],
        [
          "rule",
          [
            [
              "pwild"
            ]
          ],
          [
            "cons",
            "False",
            []
          ]
        ]
      ]
    ],
    [
      "fun",
      "esLista",
      [
        "sig",
        [
          "_"
        ],
        "_"
      ],
      [
        "pre",
        [
          "true"
        ]
      ],
      [
        "post",
        [
          "true"
        ]
      ],
      [
        [
          "rule",
          [
            [
              "pcons",
              "Nil",
              []
            ]
          ],
          [
            "cons",
            "True",
            []
          ]
        ],
        [
          "rule",
          [
            [
              "pcons",
              "Cons",
              [
                [
                  "pwild"
                ],
                [
                  "pvar",
                  "xs"
                ]
              ]
            ]
          ],
          [
            "app",
            "esLista",
            [
              [
                "var",
                "xs"
              ]
            ]
          ]
        ],
        [
          "rule",
          [
            [
              "pwild"
            ]
          ],
          [
            "cons",
            "False",
            []
          ]
        ]
      ]
    ],
    [
      "fun",
      "zip",
      [
        "sig",
        [
          "xs",
          "ys"
        ],
        "_"
      ],
      [
        "pre",
        [
          "and",
          [
            "equal",
            [
              "app",
              "esLista",
              [
                [
                  "var",
                  "xs"
                ]
              ]
            ],
            [
              "cons",
              "True",
              []
            ]
          ],
          [
            "equal",
            [
              "app",
              "esLista",
              [
                [
                  "var",
                  "ys"
                ]
              ]
            ],
            [
              "cons",
              "True",
              []
            ]
          ]
        ]
      ],
      [
        "post",
        [
          "true"
        ]
      ],
      [
        [
          "rule",
          [
            [
              "pcons",
              "Nil",
              []
            ],
            [
              "pwild"
            ]
          ],
          [
            "cons",
            "Nil",
            []
          ]
        ],
        [
          "rule",
          [
            [
              "pwild"
            ],
            [
              "pcons",
              "Nil",
              []
            ]
          ],
          [
            "cons",
            "Nil",
            []
          ]
        ],
        [
          "rule",
          [
            [
              "pcons",
              "Cons",
              [
                [
                  "pvar",
                  "x"
                ],
                [
                  "pvar",
                  "xs"
                ]
              ]
            ],
            [
              "pcons",
              "Cons",
              [
                [
                  "pvar",
                  "y"
                ],
                [
                  "pvar",
                  "ys"
                ]
              ]
            ]
          ],
          [
            "cons",
            "Cons",
            [
              [
                "cons",
                "Par",
                [
                  [
                    "var",
                    "x"
                  ],
                  [
                    "var",
                    "y"
                  ]
                ]
              ],
              [
                "app",
                "zip",
                [
                  [
                    "var",
                    "xs"
                  ],
                  [
                    "var",
                    "ys"
                  ]
                ]
              ]
            ]
          ]
        ]
      ]
    ]
  ],
  []
]